/tmp/texlive/usr/local/texlive/2024/texmf-dist/tex/lualatex/combofont/combofont.sty:11:53:11:53: s204 missing stylistic whitespaces
/tmp/texlive/usr/local/texlive/2024/texmf-dist/tex/lualatex/combofont/combofont.sty:14:15:14:15: s204 missing stylistic whitespaces
/tmp/texlive/usr/local/texlive/2024/texmf-dist/tex/lualatex/combofont/combofont.sty:14:22:14:22: s204 missing stylistic whitespaces
/tmp/texlive/usr/local/texlive/2024/texmf-dist/tex/lualatex/combofont/combofont.sty:14:25:14:25: s204 missing stylistic whitespaces
/tmp/texlive/usr/local/texlive/2024/texmf-dist/tex/lualatex/combofont/combofont.sty:14:36:14:36: s204 missing stylistic whitespaces
/tmp/texlive/usr/local/texlive/2024/texmf-dist/tex/lualatex/combofont/combofont.sty:19:15:19:15: s204 missing stylistic whitespaces
/tmp/texlive/usr/local/texlive/2024/texmf-dist/tex/lualatex/combofont/combofont.sty:19:22:19:22: s204 missing stylistic whitespaces
/tmp/texlive/usr/local/texlive/2024/texmf-dist/tex/lualatex/combofont/combofont.sty:19:25:19:25: s204 missing stylistic whitespaces
/tmp/texlive/usr/local/texlive/2024/texmf-dist/tex/lualatex/combofont/combofont.sty:19:49:19:49: s204 missing stylistic whitespaces
/tmp/texlive/usr/local/texlive/2024/texmf-dist/tex/lualatex/combofont/combofont.sty:26:19:26:19: s204 missing stylistic whitespaces
